[dotenv@17.2.3] injecting env (3) from .env -- tip: ΓÜÖ∩╕Å  suppress all logs with { quiet: true }
≡ƒöä Testing Google AI Connection...

≡ƒº¬ Testing model: gemini-pro...
Γ¥î Model 'gemini-pro' failed: 

≡ƒº¬ Testing model: gemini-1.5-flash...
Γ¥î Model 'gemini-1.5-flash' failed: 

Γ¥î All models failed. Check your API key.
